MPLINK 5.09, LINKER
Linker Map File - Created Sun Nov 12 23:19:35 2023

                                 Section Info
                  Section       Type    Address   Location Size(Bytes)
                ---------  ---------  ---------  ---------  ---------
                   .org_0       code   0x000000    program   0x00004e
                   .cinit    romdata   0x000027    program   0x000004
.config_2007_BUILD/DEFAULT/PRODUCTION/LEDS2MA       code   0x002007    program   0x000002
.config_2008_BUILD/DEFAULT/PRODUCTION/LEDS2MA       code   0x002008    program   0x000002



                              Program Memory Usage 
                               Start         End      
                           ---------   ---------      
                            0x000000    0x000028      
                            0x002007    0x002008      
            43 out of 8455 program addresses used, program memory utilization is 0%



                              Symbols - Sorted by Name
                     Name    Address   Location    Storage File                     
                ---------  ---------  ---------  --------- ---------                
                   INICIO   0x000001    program     static C:\Users\Sebastian\MPLABXProjects\Leds2.X\Leds2Main.asm
                     LOOP   0x00000c    program     static C:\Users\Sebastian\MPLABXProjects\Leds2.X\Leds2Main.asm
                    REP_1   0x000020    program     static C:\Users\Sebastian\MPLABXProjects\Leds2.X\Leds2Main.asm
                    REP_2   0x000022    program     static C:\Users\Sebastian\MPLABXProjects\Leds2.X\Leds2Main.asm
                  RETARDO   0x00001e    program     static C:\Users\Sebastian\MPLABXProjects\Leds2.X\Leds2Main.asm
        secuencia1_parte1   0x00000f    program     static C:\Users\Sebastian\MPLABXProjects\Leds2.X\Leds2Main.asm
        secuencia1_parte2   0x000018    program     static C:\Users\Sebastian\MPLABXProjects\Leds2.X\Leds2Main.asm



                              Symbols - Sorted by Address
                     Name    Address   Location    Storage File                     
                ---------  ---------  ---------  --------- ---------                
                   INICIO   0x000001    program     static C:\Users\Sebastian\MPLABXProjects\Leds2.X\Leds2Main.asm
                     LOOP   0x00000c    program     static C:\Users\Sebastian\MPLABXProjects\Leds2.X\Leds2Main.asm
        secuencia1_parte1   0x00000f    program     static C:\Users\Sebastian\MPLABXProjects\Leds2.X\Leds2Main.asm
        secuencia1_parte2   0x000018    program     static C:\Users\Sebastian\MPLABXProjects\Leds2.X\Leds2Main.asm
                  RETARDO   0x00001e    program     static C:\Users\Sebastian\MPLABXProjects\Leds2.X\Leds2Main.asm
                    REP_1   0x000020    program     static C:\Users\Sebastian\MPLABXProjects\Leds2.X\Leds2Main.asm
                    REP_2   0x000022    program     static C:\Users\Sebastian\MPLABXProjects\Leds2.X\Leds2Main.asm


